{
    "-profile test": {
        "content": [
            {
                "BLAST_BLASTDBCMD": {
                    "blastdbcmd": "2.17.0+"
                },
                "BLAST_BLASTN": {
                    "blastn": "2.17.0+"
                },
                "BLAST_MAKEBLASTDB": {
                    "makeblastdb": "2.17.0+"
                },
                "MAFFT_ALIGN": {
                    "mafft": "v7.520 (2023/Mar/22)",
                    "pigz": 2.8
                },
                "TD2_LONGORFS": {
                    "TD2.LongOrfs": "1.0.6"
                },
                "Workflow": {
                    "nf-core/genephylo": "v1.0.0dev"
                }
            },
            [
                "blast",
                "blast/BLASTDB",
                "blast/BLASTDB/testdb.fa.ndb",
                "blast/BLASTDB/testdb.fa.nhr",
                "blast/BLASTDB/testdb.fa.nin",
                "blast/BLASTDB/testdb.fa.njs",
                "blast/BLASTDB/testdb.fa.nog",
                "blast/BLASTDB/testdb.fa.nos",
                "blast/BLASTDB/testdb.fa.not",
                "blast/BLASTDB/testdb.fa.nsq",
                "blast/BLASTDB/testdb.fa.ntf",
                "blast/BLASTDB/testdb.fa.nto",
                "blast/CDK12.fasta",
                "blast/CDK12.txt",
                "blast/CDK12000.fasta",
                "blast/CDK12000.txt",
                "blast/CDK12000_accessions.txt",
                "blast/CDK12_accessions.txt",
                "ete",
                "ete/.etetoolkit",
                "ete/.etetoolkit/taxa.sqlite",
                "ete/.etetoolkit/taxa.sqlite.traverse.pkl",
                "ete/CDK12000_filtered.fasta",
                "ete/CDK12000_speciescodes.txt",
                "ete/CDK12_filtered.fasta",
                "ete/CDK12_speciescodes.txt",
                "mafft",
                "mafft/CDK12.fas",
                "mafft/CDK12000.fas",
                "pipeline_info",
                "pipeline_info/nf_core_genephylo_software_mqc_versions.yml",
                "seqkit",
                "seqkit/CDK12000_uniq.fasta",
                "seqkit/CDK12000_uniq.log",
                "seqkit/CDK12_uniq.fasta",
                "seqkit/CDK12_uniq.log",
                "td2",
                "td2/CDK12",
                "td2/CDK12/longest_orfs.cds",
                "td2/CDK12/longest_orfs.gff3",
                "td2/CDK12/longest_orfs.pep",
                "td2/CDK12000",
                "td2/CDK12000/longest_orfs.cds",
                "td2/CDK12000/longest_orfs.gff3",
                "td2/CDK12000/longest_orfs.pep"
            ],
            [
                "testdb.fa.ndb:md5,c678276c8b2286c033626f3105d89c1a",
                "testdb.fa.nhr:md5,b581c6e2675e75de3725c57f15944886",
                "testdb.fa.nin:md5,289128d868d86fe00cf2ec5bed67d9db",
                "testdb.fa.njs:md5,6da6c4e6234698e20bf59199b35e44cb",
                "testdb.fa.nog:md5,ec3c53287e164064ec45ee668adf7a43",
                "testdb.fa.nos:md5,b0d65ff0ecd2a57c0ceb6f633886852d",
                "testdb.fa.not:md5,7bb84512c907ce398a42676c08641354",
                "testdb.fa.nsq:md5,f2d9724bc9090b6535c47bb161bd3bbb",
                "testdb.fa.ntf:md5,0d85a7f630ea3c85889c8e7331e00aa0",
                "testdb.fa.nto:md5,d5b99c8295f701c2044f29b04d379245",
                "CDK12.fasta:md5,f06c7006db53c29a2f997afd5529109d",
                "CDK12.txt:md5,53b4e7b0ce36ab57d67e800f5edfbece",
                "CDK12000.fasta:md5,f06c7006db53c29a2f997afd5529109d",
                "CDK12000.txt:md5,53b4e7b0ce36ab57d67e800f5edfbece",
                "CDK12000_accessions.txt:md5,df12af2aca24083fbc02c3f51dbfacd5",
                "CDK12_accessions.txt:md5,df12af2aca24083fbc02c3f51dbfacd5",
                "taxa.sqlite:md5,1b9d6340f941941156c8b87b24ec5f41",
                "taxa.sqlite.traverse.pkl:md5,b0ab1a8abc458c0fe33beccda10aa4fc",
                "CDK12000_filtered.fasta:md5,d41d8cd98f00b204e9800998ecf8427e",
                "CDK12000_speciescodes.txt:md5,ba16a04f12aea085d3d267739980c1d2",
                "CDK12_filtered.fasta:md5,d41d8cd98f00b204e9800998ecf8427e",
                "CDK12_speciescodes.txt:md5,ba16a04f12aea085d3d267739980c1d2",
                "CDK12.fas:md5,d41d8cd98f00b204e9800998ecf8427e",
                "CDK12000.fas:md5,d41d8cd98f00b204e9800998ecf8427e",
                "CDK12000_uniq.fasta:md5,476b5e2fce4d6181a98d41eeeeb2b071",
                "CDK12000_uniq.log:md5,a41135cfe024baaf42f135583fe73f0d",
                "CDK12_uniq.fasta:md5,476b5e2fce4d6181a98d41eeeeb2b071",
                "CDK12_uniq.log:md5,a41135cfe024baaf42f135583fe73f0d",
                "longest_orfs.cds:md5,d41d8cd98f00b204e9800998ecf8427e",
                "longest_orfs.gff3:md5,d41d8cd98f00b204e9800998ecf8427e",
                "longest_orfs.pep:md5,d41d8cd98f00b204e9800998ecf8427e",
                "longest_orfs.cds:md5,d41d8cd98f00b204e9800998ecf8427e",
                "longest_orfs.gff3:md5,d41d8cd98f00b204e9800998ecf8427e",
                "longest_orfs.pep:md5,d41d8cd98f00b204e9800998ecf8427e"
            ]
        ],
        "meta": {
            "nf-test": "0.9.3",
            "nextflow": "25.10.4"
        },
        "timestamp": "2026-03-13T13:47:29.416678635"
    }
}